// Jest Snapshot v1, https://goo.gl/fbAQLP

exports[`Edit Task Modal renders correctly 1`] = `
<View
  onLayout={[Function]}
  style={
    [
      {
        "alignItems": "center",
        "flex": 1,
        "justifyContent": "center",
      },
      {
        "paddingBottom": 0,
      },
    ]
  }
>
  <View
    accessibilityState={
      {
        "busy": undefined,
        "checked": undefined,
        "disabled": undefined,
        "expanded": undefined,
        "selected": undefined,
      }
    }
    accessibilityValue={
      {
        "max": undefined,
        "min": undefined,
        "now": undefined,
        "text": undefined,
      }
    }
    accessible={true}
    collapsable={false}
    focusable={false}
    onClick={[Function]}
    onResponderGrant={[Function]}
    onResponderMove={[Function]}
    onResponderRelease={[Function]}
    onResponderTerminate={[Function]}
    onResponderTerminationRequest={[Function]}
    onStartShouldSetResponder={[Function]}
    style={
      {
        "left": "7%",
        "opacity": 1,
        "position": "absolute",
        "top": "7%",
      }
    }
  >
    <Text />
  </View>
  <View
    style={
      {
        "alignSelf": "stretch",
        "marginHorizontal": 40,
      }
    }
  >
    <Text
      style={
        {
          "color": "black",
          "fontSize": 30,
          "fontWeight": "600",
          "marginBottom": "5%",
          "textAlign": "center",
        }
      }
    >
      Edit Your Task
    </Text>
    <TextInput
      onChangeText={[Function]}
      placeholderTextColor="gray"
      style={
        {
          "borderColor": "#dadae8",
          "borderRadius": 12,
          "borderStyle": "solid",
          "borderWidth": 1.5,
          "height": 50,
          "paddingHorizontal": "2%",
        }
      }
      value="Drinking Water"
    />
    <View>
      <View
        style={
          {
            "flexDirection": "row",
            "marginTop": "3%",
          }
        }
      >
        <View
          accessibilityState={
            {
              "busy": undefined,
              "checked": undefined,
              "disabled": undefined,
              "expanded": undefined,
              "selected": undefined,
            }
          }
          accessibilityValue={
            {
              "max": undefined,
              "min": undefined,
              "now": undefined,
              "text": undefined,
            }
          }
          accessible={true}
          collapsable={false}
          focusable={true}
          onClick={[Function]}
          onResponderGrant={[Function]}
          onResponderMove={[Function]}
          onResponderRelease={[Function]}
          onResponderTerminate={[Function]}
          onResponderTerminationRequest={[Function]}
          onStartShouldSetResponder={[Function]}
          style={
            {
              "backgroundColor": "#414a4c",
              "borderRadius": 10,
              "fontSize": 15,
              "opacity": 1,
              "padding": 8,
            }
          }
        >
          <Text
            style={
              {
                "color": "white",
                "fontSize": 16,
              }
            }
          >
            Due Date & Time
          </Text>
        </View>
        <Text
          style={
            {
              "fontSize": 18,
              "marginLeft": "2%",
              "marginTop": "2%",
            }
          }
        >
          06/09/2023 | 1:53 pm
        </Text>
      </View>
    </View>
    <View
      accessibilityState={
        {
          "busy": undefined,
          "checked": undefined,
          "disabled": undefined,
          "expanded": undefined,
          "selected": undefined,
        }
      }
      accessibilityValue={
        {
          "max": undefined,
          "min": undefined,
          "now": undefined,
          "text": undefined,
        }
      }
      accessible={true}
      collapsable={false}
      focusable={true}
      onClick={[Function]}
      onResponderGrant={[Function]}
      onResponderMove={[Function]}
      onResponderRelease={[Function]}
      onResponderTerminate={[Function]}
      onResponderTerminationRequest={[Function]}
      onStartShouldSetResponder={[Function]}
      style={
        {
          "alignItems": "center",
          "backgroundColor": "#414a4c",
          "borderRadius": 12,
          "height": 50,
          "justifyContent": "center",
          "marginTop": "6%",
          "opacity": 1,
        }
      }
    >
      <Text
        style={
          {
            "color": "white",
            "fontSize": 15,
            "fontWeight": "600",
          }
        }
      >
        Update
      </Text>
    </View>
  </View>
</View>
`;
